// Jest Snapshot v1, https://goo.gl/fbAQLP

exports[`WaitingList tests should render WaitingList correctly 1`] = `
<DocumentFragment>
  .c27 {
  display: flex;
  flex-direction: column;
  background-color: #F6F6F6;
  box-shadow: rgba(0, 0, 0, 0.25) 0px 25px 50px -12px;
  border-radius: 0.5rem;
  width: 100%;
  overflow: hidden;
}

.c28 {
  width: 100%;
  height: auto;
}

.c16 {
  font-size: 0.875rem;
  line-height: 1.375rem;
  font-weight: 400;
  font-family: roboto;
  font-family: 'Roboto',sans-serif;
  word-break: break-word;
  color: #757575;
}

.c25 {
  font-size: 1rem;
  line-height: 1.5rem;
  font-weight: 500;
  font-family: roboto;
  font-weight: 400;
  line-height: 1.6;
  font-family: 'Roboto',sans-serif;
  word-break: break-word;
  color: #757575;
}

.c30 {
  font-size: 1rem;
  line-height: 1.5rem;
  font-weight: 500;
  font-family: roboto;
  font-weight: 400;
  font-family: 'Roboto',sans-serif;
  word-break: break-word;
  color: #757575;
}

.c24 {
  font-size: 1.125rem;
  line-height: 1.625rem;
  font-weight: 500;
  font-family: roboto;
  margin-left: 0.75rem;
  font-family: 'Roboto',sans-serif;
  word-break: break-word;
  color: #000000;
}

.c3 {
  font-size: 1.5rem;
  line-height: 2.25rem;
  font-weight: 700;
  font-family: robotoFlex;
  font-weight: 700;
  line-height: 1.6;
  font-family: 'Roboto Flex',sans-serif;
  word-break: break-word;
  color: #000000;
}

.c5 {
  font-size: 1.5rem;
  line-height: 2.25rem;
  font-weight: 700;
  font-family: robotoFlex;
  font-size: 3.75rem;
  line-height: 1.2;
  margin-bottom: 1.25rem;
  font-weight: 800;
  font-family: 'Roboto Flex',sans-serif;
  word-break: break-word;
  color: #000000;
}

.c6 {
  font-size: 1.5rem;
  line-height: 2.25rem;
  font-weight: 700;
  font-family: roboto;
  font-weight: 400;
  line-height: 1.6;
  font-family: 'Roboto',sans-serif;
  word-break: break-word;
  color: #757575;
}

.c13 {
  height: 1.5rem;
  width: 1.5rem;
  flex-shrink: 0;
  margin-left: 0.5rem;
}

.c22 {
  height: 1.5rem;
  width: 1.5rem;
  flex-shrink: 0;
}

.c14 {
  color: #000000;
  font-size: 1.5rem;
}

.c23 {
  color: #276EF1;
  font-size: 1.5rem;
}

.c12 {
  height: 2.625rem;
  padding: 0 1rem;
  font-size: 1rem;
  position: relative;
  border: none;
  display: flex;
  align-items: center;
  font-weight: 500;
  cursor: pointer;
  border-radius: 4px;
  text-decoration: none;
  transition: background-color 0.1s ease-in-out,color 0.1s ease-in-out,border-color 0.1s ease-in-out;
  background-color: #276EF1;
  color: #FFFFFF;
  width: medium;
  height: medium;
  flex-shrink: 0;
  width: fit-content;
}

.c12:hover:not(:active, :disabled) {
  background-color: #0e55d7;
}

.c12 .material-symbols-sharp {
  color: inherit;
}

.c12 svg,
.c12 svg g {
  fill: #FFFFFF;
}

.c12:disabled {
  cursor: not-allowed;
  opacity: 0.6;
}

.c0 {
  display: flex;
  flex-direction: column;
  min-height: 100vh;
  position: relative;
  z-index: 1;
  overflow: hidden;
}

.c0::before {
  content: "";
  background: rgba(238, 238, 238, 0.7);
  -webkit-backdrop-filter: saturate(180%) blur(150px);
  backdrop-filter: saturate(180%) blur(150px);
  position: absolute;
  z-index: -1;
  left: 0;
  top: 0;
  right: 0;
  bottom: 0;
}

.c1 {
  display: flex;
  flex-direction: column;
  flex-grow: 1;
  max-width: 90rem;
  width: 100%;
  margin: 0 auto;
}

.c2 {
  display: flex;
  flex-direction: column;
  padding: 3.125rem 1.25rem 0 1.25rem;
}

.c4 {
  display: flex;
  flex-direction: column;
  max-width: 50%;
  padding: 3.125rem 1.25rem;
}

.c7 {
  display: grid;
  grid-template-columns: minmax(auto, 26.25rem) 1fr;
  grid-gap: 0.75rem;
}

.c8 {
  display: flex;
  flex-direction: column;
}

.c9 {
  display: flex;
  flex-direction: column;
  padding: 0 1.25rem;
}

.c10 {
  display: flex;
}

.c26 {
  display: flex;
  flex-direction: column;
  padding: 0 1.25rem;
  position: relative;
}

.c26::after {
  content: "";
  background: #276EF1;
  opacity: 0.5;
  position: absolute;
  border-radius: 50%;
  z-index: -2;
  height: 500px;
  width: 500px;
  right: 20px;
  top: -150px;
}

.c11 {
  font-size: 1rem;
  height: 2.625rem;
  width: 100%;
  max-width: 20rem;
  border-radius: 0.25rem;
  margin-right: 0.75rem;
  padding: 0 1rem;
  color: #141414;
  border: 2px solid #545454;
  background-color: transparent;
}

.c11::placeholder {
  color: #757575;
}

.c11:focus {
  outline: 2px solid #CBCBCB;
}

.c15 {
  height: 0;
  position: relative;
}

.c17 {
  position: absolute;
  top: 0.25rem;
  left: 0;
}

.c18 {
  display: flex;
  flex-direction: column;
  gap: 1.25rem;
  margin-top: 1.875rem;
  padding: 1.25rem;
}

.c19 {
  display: flex;
  flex: 1 0 0;
}

.c29 {
  display: flex;
  flex-direction: column;
  padding: 3.125rem 1.25rem;
  margin-top: auto;
}

.c20 {
  position: relative;
  border: none;
  display: flex;
  flex-direction: column;
  text-align: left;
  background-color: #FFFFFF;
  border-radius: 0.5rem;
  padding: 1.25rem 1.25rem 1.5625rem 1.25rem;
  box-shadow: rgba(0, 0, 0, 0.1) 0px 4px 6px -1px,rgba(0, 0, 0, 0.06) 0px 2px 4px -1px;
  cursor: pointer;
  transition: scale 0.2s ease-in-out;
  overflow: hidden;
}

.c20::before {
  content: "";
  position: absolute;
  bottom: 0;
  left: 0;
  animation: bHTXJE 10s linear;
  height: 5px;
  background-color: #276EF1;
}

.c21 {
  display: flex;
  align-items: center;
  margin-bottom: 0.75rem;
}

@media screen and (max-width: 1199.98px) {
  .c4 {
    max-width: 80%;
  }
}

@media screen and (max-width: 991.98px) {
  .c4 {
    max-width: 100%;
  }
}

@media screen and (max-width: 767.98px) {
  .c4 h1 {
    font-size: 42px;
  }

  .c4 p {
    font-size: 20px;
  }
}

@media screen and (max-width: 575.98px) {
  .c4 h1 {
    font-size: 32px;
  }

  .c4 p {
    font-size: 18px;
  }
}

@media screen and (max-width: 991.98px) {
  .c7 {
    grid-template-columns: 1fr;
  }
}

@media screen and (max-width: 991.98px) {
  .c7 {
    grid-gap: 1.875rem;
  }
}

@media screen and (max-width: 991.98px) {
  .c18 {
    flex-direction: row;
  }
}

@media screen and (max-width: 767.98px) {
  .c18 {
    width: 100vw;
    overflow-x: scroll;
    scroll-snap-type: x mandatory;
    scroll-padding: 1.25rem;
    -ms-overflow-style: none;
    scrollbar-width: none;
  }

  .c18::-webkit-scrollbar {
    display: none;
  }
}

@media screen and (max-width: 767.98px) {
  .c19 {
    min-width: 320px;
    scroll-snap-align: start;
  }
}

<section
    class="c0"
  >
    <div
      class="c1"
    >
      <div
        class="c2"
      >
        <h1
          class="c3"
          font-family="robotoFlex"
          font-weight="700"
        >
          Basestack
        </h1>
      </div>
      <div
        class="c4"
      >
        <h1
          class="c5"
          color="#000000"
          font-family="robotoFlex"
          font-size="3.75rem"
          font-weight="800"
        >
          The Open-Source Stack for Developers and Startups
        </h1>
        <p
          class="c6"
          color="#757575"
          font-family="roboto"
          font-weight="400"
        >
          Feature Flags are just the beginning: Our Suite of Tools will include Feedback, Forms, and more to help you build better Products!
        </p>
      </div>
      <div
        class="c7"
      >
        <div
          class="c8"
        >
          <div
            class="c9"
          >
            <div
              class="c10"
            >
              <input
                class="c11"
                name="email"
                placeholder="Enter your email"
                type="email"
                value=""
              />
              <button
                class="c12"
                data-testid="button"
              >
                <span
                  class=""
                >
                  Get Early Access
                </span>
                <div
                  class="c13"
                  data-testid="icon-container"
                  size="24"
                >
                  <span
                    class="c14 material-symbols-sharp"
                    data-testid="icon"
                    size="24"
                  >
                    arrow_forward
                  </span>
                </div>
              </button>
            </div>
            <div
              class="c15"
            >
              <p
                class="c16 c17"
                color="#757575"
                font-family="roboto"
              >
                Be an early adopter!
              </p>
            </div>
          </div>
          <div
            class="c18"
          >
            <div
              class="c19"
            >
              <button
                class="c20"
              >
                <div
                  class="c21"
                >
                  <div
                    class="c22"
                    data-testid="icon-container"
                    size="24"
                  >
                    <span
                      class="c23 material-symbols-sharp"
                      color="#276EF1"
                      data-testid="icon"
                      size="24"
                    >
                      help
                    </span>
                  </div>
                  <h3
                    class="c24"
                    font-family="roboto"
                  >
                    title
                  </h3>
                </div>
                <p
                  class="c25"
                  font-family="roboto"
                  font-weight="400"
                >
                  text
                </p>
              </button>
            </div>
          </div>
        </div>
        <div
          class="c26"
        >
          <div
            class="c27"
          >
            <img
              alt=""
              class="c28"
              src=""
            />
          </div>
        </div>
      </div>
      <div
        class="c29"
      >
        <p
          class="c30"
          font-family="roboto"
          font-weight="400"
        >
          © Basestack 2024. All rights reserved. 
          <a
            href="/legal/privacy"
            style="color: black;"
          >
            Privacy Policy
          </a>
        </p>
      </div>
    </div>
  </section>
</DocumentFragment>
`;
