// Jest Snapshot v1, https://goo.gl/fbAQLP

exports[`Slider tests should render Slider correctly 1`] = `
<DocumentFragment>
  .c0 {
  display: flex;
  flex-direction: column;
  padding: 6.25rem 0;
}

.c2 {
  display: flex;
  flex-direction: column;
  padding: 0 1.25rem;
}

.c1 {
  display: flex;
  flex-direction: column;
  align-items: center;
  max-width: 90rem;
  width: 100%;
  margin: 0 auto;
}

.c6 {
  display: flex;
  gap: 1.25rem;
  max-width: 71.25rem;
  width: 100%;
  margin: 0 auto;
  padding: 0 1.25rem 3.125rem 1.25rem;
}

.c7 {
  display: flex;
  flex: 1 0 0;
}

.c14 {
  display: flex;
  flex-direction: column;
  padding: 0 1.25rem;
}

.c13 {
  font-size: 1rem;
  line-height: 1.5rem;
  font-weight: 500;
  font-family: roboto;
  font-weight: 400;
  line-height: 1.6;
  font-family: 'Roboto',sans-serif;
  word-break: break-word;
  color: #757575;
}

.c12 {
  font-size: 1.125rem;
  line-height: 1.625rem;
  font-weight: 500;
  font-family: roboto;
  margin-left: 0.75rem;
  font-family: 'Roboto',sans-serif;
  word-break: break-word;
  color: #000000;
}

.c5 {
  font-size: 1.25rem;
  line-height: 1.875rem;
  font-weight: 500;
  font-family: roboto;
  font-weight: 400;
  text-align: center;
  line-height: 1.6;
  font-family: 'Roboto',sans-serif;
  word-break: break-word;
  color: #757575;
}

.c4 {
  font-size: 1.5rem;
  line-height: 2.25rem;
  font-weight: 700;
  font-family: 'Roboto Flex',sans-serif;
  font-size: 2.625rem;
  line-height: 1.3;
  text-align: center;
  margin-bottom: 0.5rem;
  font-family: 'Roboto',sans-serif;
  word-break: break-word;
  color: #000000;
}

.c10 {
  height: 1.5rem;
  width: 1.5rem;
  flex-shrink: 0;
}

.c11 {
  color: #000000;
  font-size: 1.5rem;
}

.c8 {
  position: relative;
  border: none;
  display: flex;
  flex-direction: column;
  text-align: left;
  background-color: #F6F6F6;
  border-radius: 1.25rem;
  padding: 1.25rem 1.25rem 1.5625rem 1.25rem;
  box-shadow: rgba(0, 0, 0, 0.1) 0px 4px 6px -1px,rgba(0, 0, 0, 0.06) 0px 2px 4px -1px;
  cursor: pointer;
  transition: scale 0.2s ease-in-out;
  overflow: hidden;
}

.c9 {
  display: flex;
  align-items: center;
  margin-bottom: 0.75rem;
}

.c15 {
  display: flex;
  flex-direction: column;
  background-color: #F6F6F6;
  box-shadow: rgba(0, 0, 0, 0.25) 0px 25px 50px -12px;
  border-radius: 1.25rem;
  width: 100%;
  overflow: hidden;
  max-width: 68.75rem;
}

.c16 {
  width: 100%;
  height: auto;
}

.c3 {
  display: flex;
  flex-direction: column;
  align-items: center;
  max-width: 720px;
  margin-bottom: 3.125rem;
}

@media screen and (max-width: 767.98px) {
  .c6 {
    overflow-x: scroll;
    overflow-y: hidden;
    scroll-snap-type: x mandatory;
    scroll-padding: 1.25rem;
    -ms-overflow-style: none;
    scrollbar-width: none;
  }

  .c6::-webkit-scrollbar {
    display: none;
  }
}

@media screen and (max-width: 767.98px) {
  .c7 {
    min-width: 320px;
    scroll-snap-align: start;
  }
}

<section
    class="c0"
    id="slider"
  >
    <div
      class="c1"
    >
      <div
        class="c2"
      >
        <div
          class="c3"
        >
          <h2
            class="c4"
            color="#000000"
            font-family="'Roboto Flex', sans-serif"
            font-size="2.625rem"
          >
            Release with Confidence
          </h2>
          <p
            class="c5"
            color="#757575"
            font-family="roboto"
            font-weight="400"
          >
            MoonFlags provides an all-in-one platform for developing, implementing, and managing your feature flags.
          </p>
        </div>
      </div>
      <div
        class="c6"
      >
        <div
          class="c7"
        >
          <button
            class="c8"
          >
            <div
              class="c9"
            >
              <div
                class="c10"
                data-testid="icon-container"
                size="24"
              >
                <span
                  class="c11 material-symbols-sharp"
                  color="#000000"
                  data-testid="icon"
                  size="24"
                >
                  person
                </span>
              </div>
              <h3
                class="c12"
                font-family="roboto"
              >
                User traits
              </h3>
            </div>
            <p
              class="c13"
              font-family="roboto"
              font-weight="400"
            >
              MoonFlags makes it easy to create and manage feature toggles across web, mobile, and server-side applications.
            </p>
          </button>
        </div>
        <div
          class="c7"
        >
          <button
            class="c8"
          >
            <div
              class="c9"
            >
              <div
                class="c10"
                data-testid="icon-container"
                size="24"
              >
                <span
                  class="c11 material-symbols-sharp"
                  color="#000000"
                  data-testid="icon"
                  size="24"
                >
                  send
                </span>
              </div>
              <h3
                class="c12"
                font-family="roboto"
              >
                Staged feature rollouts
              </h3>
            </div>
            <p
              class="c13"
              font-family="roboto"
              font-weight="400"
            >
              MoonFlags makes it easy to create and manage feature toggles across web, mobile, and server-side applications.
            </p>
          </button>
        </div>
        <div
          class="c7"
        >
          <button
            class="c8"
          >
            <div
              class="c9"
            >
              <div
                class="c10"
                data-testid="icon-container"
                size="24"
              >
                <span
                  class="c11 material-symbols-sharp"
                  color="#000000"
                  data-testid="icon"
                  size="24"
                >
                  history
                </span>
              </div>
              <h3
                class="c12"
                font-family="roboto"
              >
                Track Changes
              </h3>
            </div>
            <p
              class="c13"
              font-family="roboto"
              font-weight="400"
            >
              MoonFlags makes it easy to create and manage feature toggles across web, mobile, and server-side applications.
            </p>
          </button>
        </div>
      </div>
      <div
        class="c14"
      >
        <div
          class="c15"
        >
          <img
            alt="product demo"
            class="c16"
            src="https://images.pexels.com/photos/3912477/pexels-photo-3912477.jpeg?auto=compress&cs=tinysrgb&w=1260&h=750&dpr=1"
          />
        </div>
      </div>
    </div>
  </section>
</DocumentFragment>
`;
